// Vitest Snapshot v1, https://vitest.dev/guide/snapshot.html

exports[`sortSubseriesDoc 1`] = `
[
  "bcp22",
  "fyi3",
  "fyi5",
  "fyi6",
  "std3",
  "std5",
  "std6",
  "std8",
  "std9",
  "std10",
  "std11",
  "std13",
  "std16",
  "std19",
  "std20",
  "std21",
  "std22",
  "std23",
  "std24",
  "std25",
  "std26",
  "std27",
  "std28",
  "std29",
  "std30",
  "std31",
  "std32",
  "std35",
  "std37",
  "std38",
  "std40",
  "std41",
  "std42",
  "std43",
  "std44",
  "std45",
  "std47",
  "std48",
  "std49",
  "std80",
]
`;
