// Vitest Snapshot v1, https://vitest.dev/guide/snapshot.html

exports[`sortInfoSubseriesItem 1`] = `
[
  "bcp3",
  "bcp4",
  "bcp5",
  "bcp6",
  "bcp7",
  "bcp8",
  "bcp9",
  "bcp10",
  "bcp11",
  "bcp12",
  "bcp13",
  "bcp14",
  "bcp15",
  "bcp16",
  "bcp17",
  "bcp18",
  "bcp19",
  "bcp20",
  "bcp21",
  "bcp22",
  "bcp23",
  "bcp24",
  "bcp25",
  "bcp26",
  "bcp27",
  "bcp28",
  "bcp29",
  "bcp30",
  "bcp31",
  "bcp32",
  "bcp33",
  "bcp34",
  "bcp35",
  "bcp36",
  "bcp37",
  "bcp38",
  "bcp39",
  "bcp40",
  "bcp41",
  "bcp42",
  "bcp43",
  "bcp44",
  "bcp45",
  "bcp46",
  "bcp47",
  "bcp48",
  "bcp49",
  "bcp50",
  "bcp51",
  "bcp52",
  "bcp53",
  "bcp54",
  "bcp55",
  "bcp56",
  "bcp57",
  "bcp58",
  "bcp59",
  "bcp60",
  "bcp61",
  "bcp62",
  "bcp63",
  "bcp64",
  "bcp65",
  "bcp66",
  "bcp67",
  "bcp68",
  "bcp69",
  "bcp70",
  "bcp71",
  "bcp72",
  "bcp73",
  "bcp74",
  "bcp75",
  "bcp76",
  "bcp77",
  "bcp78",
  "bcp79",
  "bcp80",
  "bcp81",
  "bcp82",
  "bcp83",
  "bcp84",
  "bcp85",
  "bcp86",
  "bcp87",
  "bcp88",
  "bcp89",
  "bcp90",
  "bcp91",
  "bcp92",
  "bcp93",
  "bcp95",
  "bcp96",
  "bcp97",
  "bcp98",
  "bcp99",
  "bcp100",
  "bcp101",
  "bcp102",
  "bcp103",
  "bcp104",
  "bcp105",
  "bcp106",
  "bcp107",
  "bcp108",
  "bcp109",
  "bcp110",
  "bcp111",
  "bcp112",
  "bcp113",
  "bcp114",
  "bcp116",
  "bcp117",
  "bcp118",
  "bcp119",
  "bcp120",
  "bcp121",
  "bcp122",
  "bcp123",
  "bcp124",
  "bcp125",
  "bcp126",
  "bcp127",
  "bcp128",
  "bcp129",
  "bcp130",
  "bcp131",
  "bcp132",
  "bcp133",
  "bcp134",
  "bcp135",
  "bcp136",
  "bcp137",
  "bcp138",
  "bcp139",
  "bcp140",
  "bcp141",
  "bcp142",
  "bcp143",
  "bcp144",
  "bcp145",
  "bcp146",
  "bcp147",
  "bcp148",
  "bcp149",
  "bcp150",
  "bcp151",
  "bcp152",
  "bcp153",
  "bcp154",
  "bcp155",
  "bcp156",
  "bcp157",
  "bcp158",
  "bcp159",
  "bcp160",
  "bcp161",
  "bcp162",
  "bcp163",
  "bcp164",
  "bcp165",
  "bcp166",
  "bcp167",
  "bcp168",
  "bcp169",
  "bcp170",
  "bcp171",
  "bcp172",
  "bcp173",
  "bcp174",
  "bcp175",
  "bcp176",
  "bcp177",
  "bcp178",
  "bcp179",
  "bcp180",
  "bcp181",
  "bcp182",
  "bcp183",
  "bcp184",
  "bcp185",
  "bcp186",
  "bcp187",
  "bcp188",
  "bcp189",
  "bcp190",
  "bcp191",
  "bcp193",
  "bcp194",
  "bcp195",
  "bcp196",
  "bcp197",
  "bcp198",
  "bcp199",
  "bcp200",
  "bcp201",
  "bcp202",
  "bcp203",
  "bcp204",
  "bcp205",
  "bcp206",
  "bcp207",
  "bcp208",
  "bcp209",
  "bcp210",
  "bcp211",
  "bcp212",
  "bcp213",
  "bcp214",
  "bcp215",
  "bcp216",
  "bcp217",
  "bcp218",
  "bcp219",
  "bcp220",
  "bcp221",
  "bcp222",
  "bcp223",
  "bcp224",
  "bcp225",
  "bcp226",
  "bcp227",
  "bcp228",
  "bcp229",
  "bcp230",
  "bcp231",
  "bcp232",
  "bcp233",
  "bcp234",
  "bcp235",
  "bcp236",
  "bcp237",
  "bcp238",
  "bcp239",
  "bcp240",
  "bcp241",
  "fyi2",
  "fyi3",
  "fyi4",
  "fyi5",
  "fyi6",
  "fyi7",
  "fyi8",
  "fyi9",
  "fyi10",
  "fyi11",
  "fyi12",
  "fyi13",
  "fyi14",
  "fyi15",
  "fyi16",
  "fyi17",
  "fyi18",
  "fyi19",
  "fyi20",
  "fyi21",
  "fyi22",
  "fyi23",
  "fyi24",
  "fyi25",
  "fyi26",
  "fyi27",
  "fyi28",
  "fyi29",
  "fyi30",
  "fyi31",
  "fyi32",
  "fyi33",
  "fyi34",
  "fyi35",
  "fyi36",
  "fyi37",
  "fyi38",
  "std1",
  "std3",
  "std5",
  "std6",
  "std7",
  "std8",
  "std9",
  "std10",
  "std11",
  "std13",
  "std16",
  "std17",
  "std19",
  "std20",
  "std21",
  "std22",
  "std23",
  "std24",
  "std25",
  "std26",
  "std27",
  "std28",
  "std29",
  "std30",
  "std31",
  "std32",
  "std33",
  "std35",
  "std36",
  "std37",
  "std38",
  "std40",
  "std41",
  "std42",
  "std43",
  "std44",
  "std45",
  "std46",
  "std47",
  "std48",
  "std49",
  "std51",
  "std52",
  "std53",
  "std54",
  "std55",
  "std56",
  "std57",
  "std58",
  "std59",
  "std60",
  "std61",
  "std62",
  "std63",
  "std64",
  "std65",
  "std66",
  "std67",
  "std68",
  "std69",
  "std70",
  "std71",
  "std72",
  "std73",
  "std74",
  "std75",
  "std76",
  "std77",
  "std78",
  "std79",
  "std80",
  "std81",
  "std82",
  "std83",
  "std84",
  "std85",
  "std86",
  "std87",
  "std88",
  "std89",
  "std90",
  "std91",
  "std92",
  "std93",
  "std94",
  "std95",
  "std96",
  "std97",
  "std98",
  "std99",
  "std100",
  "std101",
]
`;
