// Vitest Snapshot v1, https://vitest.dev/guide/snapshot.html

exports[`sortSubseriesCommon 1`] = `
[
  "bcp3",
  "bcp4",
  "bcp10",
  "bcp11",
  "bcp12",
  "bcp13",
  "bcp14",
  "bcp20",
  "bcp21",
  "bcp22",
  "bcp23",
  "bcp24",
  "bcp30",
  "bcp31",
  "bcp32",
  "bcp33",
  "bcp34",
  "bcp40",
  "bcp41",
  "bcp42",
  "bcp43",
  "bcp44",
  "bcp50",
  "bcp51",
  "bcp52",
  "bcp53",
  "bcp54",
  "bcp60",
  "bcp61",
  "bcp62",
  "bcp63",
  "bcp64",
  "bcp70",
  "bcp71",
  "bcp72",
  "bcp73",
  "bcp74",
  "bcp80",
  "bcp81",
  "bcp82",
  "bcp83",
  "bcp84",
  "bcp90",
  "bcp91",
  "bcp92",
  "bcp93",
  "bcp100",
  "bcp101",
  "bcp102",
  "bcp103",
  "bcp104",
  "bcp110",
  "bcp111",
  "bcp112",
  "bcp113",
  "bcp114",
  "bcp120",
  "bcp121",
  "bcp122",
  "bcp123",
  "bcp124",
  "bcp130",
  "bcp131",
  "bcp132",
  "bcp133",
  "bcp134",
  "bcp140",
  "bcp141",
  "bcp142",
  "bcp143",
  "bcp144",
  "bcp150",
  "bcp151",
  "bcp152",
  "bcp153",
  "bcp154",
  "bcp160",
  "bcp161",
  "bcp162",
  "bcp163",
  "bcp164",
  "bcp170",
  "bcp171",
  "bcp172",
  "bcp173",
  "bcp174",
  "bcp180",
  "bcp181",
  "bcp182",
  "bcp183",
  "bcp184",
  "bcp190",
  "bcp191",
  "bcp193",
  "bcp194",
  "bcp200",
  "bcp201",
  "bcp202",
  "bcp203",
  "bcp204",
  "bcp210",
  "bcp211",
  "bcp212",
  "bcp213",
  "bcp214",
  "bcp220",
  "bcp221",
  "bcp222",
  "bcp223",
  "bcp224",
  "bcp230",
  "bcp231",
  "bcp232",
  "bcp233",
  "bcp234",
  "bcp240",
  "bcp241",
  "fyi2",
  "fyi3",
  "fyi4",
  "fyi10",
  "fyi11",
  "fyi12",
  "fyi13",
  "fyi14",
  "fyi20",
  "fyi21",
  "fyi22",
  "fyi23",
  "fyi24",
  "fyi30",
  "fyi31",
  "fyi32",
  "fyi33",
  "fyi34",
  "std1",
  "std3",
  "std10",
  "std11",
  "std13",
  "std20",
  "std21",
  "std22",
  "std23",
  "std24",
  "std30",
  "std31",
  "std32",
  "std33",
  "std40",
  "std41",
  "std42",
  "std43",
  "std44",
  "std51",
  "std52",
  "std53",
  "std54",
  "std60",
  "std61",
  "std62",
  "std63",
  "std64",
  "std70",
  "std71",
  "std72",
  "std73",
  "std74",
  "std80",
  "std81",
  "std82",
  "std83",
  "std84",
  "std90",
  "std91",
  "std92",
  "std93",
  "std94",
  "std100",
  "std101",
]
`;
