// Vitest Snapshot v1, https://vitest.dev/guide/snapshot.html

exports[`homepage latest RFCs 1`] = `
{
  "homepageLatest": [
    {
      "abstract": "This memo specifies the data structure representation that was devised to support Simple Public Key Infrastructure (SPKI) certificates, as detailed in RFC 2692, with the intent that it be more widely applicable.  It has been and is being used elsewhere.  There are multiple implementations in a variety of programming languages.  Uses of this representation are referred to in this document as "S-expressions".  This memo makes precise the encodings of these SPKI S-expressions: It gives a "canonical form" for them, describes two "transport" representations, and also describes an "advanced" format for display to people.",
      "authors": [
        {
          "affiliation": "MIT CSAIL",
          "country": "USA",
          "datatracker_person_path": "/person/Ronald%20L.%20Rivest",
          "email": "rivest@theory.lcs.mit.edu",
          "is_editor": false,
          "person": 19822,
          "titlepage_name": "Ronald Rivest",
        },
        {
          "affiliation": "Independent",
          "country": "US",
          "datatracker_person_path": "/person/Donald%20E.%20Eastlake%203rd",
          "email": "d3e3e3@gmail.com",
          "is_editor": false,
          "person": 102391,
          "titlepage_name": "Donald Eastlake",
        },
      ],
      "formats": [],
      "group": {
        "acronym": "art",
        "name": "Applications and Real-Time Area",
        "type": "area",
      },
      "identifiers": [
        {
          "type": "doi",
          "value": "10.17487/RFC9804",
        },
      ],
      "keywords": [],
      "number": 9804,
      "obsoleted_by": [],
      "obsoletes": [],
      "pages": 22,
      "published": "2025-06-17",
      "status": {
        "name": "informational",
        "slug": "inf",
      },
      "stream": {
        "description": "Internet Engineering Task Force (IETF)",
        "name": "IETF",
        "slug": "IETF",
      },
      "subseries": [],
      "title": "Simple Public Key Infrastructure (SPKI) S-Expressions",
      "updated_by": [],
      "updates": [],
    },
    {
      "abstract": "The 3GPP mobile network Authentication and Key Agreement (AKA) is an authentication mechanism for devices wishing to access mobile networks. RFC 4187 (EAP-AKA) made the use of this mechanism possible within the Extensible Authentication Protocol (EAP) framework. RFC 5448 (EAP-AKA') was an improved version of EAP-AKA.

 This document is the most recent specification of EAP-AKA', including, for instance, details about and references related to operating EAP-AKA' in 5G networks.

 EAP-AKA' differs from EAP-AKA by providing a key derivation function that binds the keys derived within the method to the name of the access network. The key derivation function has been defined in the 3rd Generation Partnership Project (3GPP). EAP-AKA' allows its use in EAP in an interoperable manner. EAP-AKA' also updates the algorithm used in hash functions, as it employs SHA-256 / HMAC-SHA-256 instead of SHA-1 / HMAC-SHA-1, which is used in EAP-AKA.

 This version of the EAP-AKA' specification defines the protocol behavior for both 4G and 5G deployments, whereas the previous version defined protocol behavior for 4G deployments only. While EAP-AKA' as defined in RFC 5448 is not obsolete, this document defines the most recent and fully backwards-compatible specification of EAP-AKA'. This document updates both RFCs 4187 and 5448.",
      "area": {
        "acronym": "sec",
        "name": "Security Area",
      },
      "authors": [
        {
          "affiliation": "Ericsson",
          "country": "Finland",
          "datatracker_person_path": "/person/Jari%20Arkko",
          "email": "jari.arkko@ericsson.com",
          "is_editor": false,
          "person": 21072,
          "titlepage_name": "Jari Arkko",
        },
        {
          "affiliation": "Ericsson",
          "country": "Finland",
          "datatracker_person_path": "/person/Vesa%20Lehtovirta",
          "email": "vesa.lehtovirta@ericsson.com",
          "is_editor": false,
          "person": 107410,
          "titlepage_name": "Vesa Lehtovirta",
        },
        {
          "affiliation": "Ericsson",
          "country": "Finland",
          "datatracker_person_path": "/person/Vesa%20Torvinen",
          "email": "vesa.torvinen@ericsson.com",
          "is_editor": false,
          "person": 105361,
          "titlepage_name": "Vesa Torvinen",
        },
        {
          "affiliation": "Independent",
          "country": "Finland",
          "datatracker_person_path": "/person/Pasi%20Eronen",
          "email": "pe@iki.fi",
          "is_editor": false,
          "person": 106164,
          "titlepage_name": "Pasi Eronen",
        },
      ],
      "formats": [],
      "group": {
        "acronym": "emu",
        "name": "EAP Method Update",
        "type": "wg",
      },
      "identifiers": [
        {
          "type": "doi",
          "value": "10.17487/RFC9048",
        },
      ],
      "keywords": [],
      "number": 9048,
      "obsoleted_by": [],
      "obsoletes": [],
      "pages": 40,
      "published": "2021-10-29",
      "status": {
        "name": "proposed standard",
        "slug": "ps",
      },
      "stream": {
        "description": "Internet Engineering Task Force (IETF)",
        "name": "IETF",
        "slug": "IETF",
      },
      "subseries": [],
      "title": "Improved Extensible Authentication Protocol Method for 3GPP Mobile Network Authentication and Key Agreement (EAP-AKA')",
      "updated_by": [
        {
          "id": 143548,
          "number": 9678,
          "title": "Forward Secrecy Extension to the Improved Extensible Authentication Protocol Method for Authentication and Key Agreement (EAP-AKA' FS)",
        },
      ],
      "updates": [
        {
          "id": 126119,
          "number": 4187,
          "title": "Extensible Authentication Protocol Method for 3rd Generation Authentication and Key Agreement (EAP-AKA)",
        },
        {
          "id": 127335,
          "number": 5448,
          "title": "Improved Extensible Authentication Protocol Method for 3rd Generation Authentication and Key Agreement (EAP-AKA')",
        },
      ],
    },
    {
      "abstract": "This document defines FFV1, a lossless, intra-frame video encoding format.  FFV1 is designed to efficiently compress video data in a variety of pixel formats.  Compared to uncompressed video, FFV1 offers storage compression, frame fixity, and self-description, which makes FFV1 useful as a preservation or intermediate video format.",
      "area": {
        "acronym": "art",
        "name": "Applications and Real-Time Area",
      },
      "authors": [
        {
          "affiliation": "",
          "country": "",
          "datatracker_person_path": "/person/Michael%20Niedermayer",
          "email": "michael@niedermayer.cc",
          "is_editor": false,
          "person": 123033,
          "titlepage_name": "Michael Niedermayer",
        },
        {
          "affiliation": "",
          "country": "",
          "datatracker_person_path": "/person/Dave%20Rice",
          "email": "dave@dericed.com",
          "is_editor": false,
          "person": 122286,
          "titlepage_name": "Dave Rice",
        },
        {
          "affiliation": "",
          "country": "",
          "datatracker_person_path": "/person/J%C3%A9r%C3%B4me%20Martinez",
          "email": "jerome@mediaarea.net",
          "is_editor": false,
          "person": 123034,
          "titlepage_name": "Jérôme Martinez",
        },
      ],
      "formats": [],
      "group": {
        "acronym": "cellar",
        "name": "Codec Encoding for LossLess Archiving and Realtime transmission",
        "type": "wg",
      },
      "identifiers": [
        {
          "type": "doi",
          "value": "10.17487/RFC9043",
        },
      ],
      "keywords": [],
      "number": 9043,
      "obsoleted_by": [],
      "obsoletes": [],
      "pages": 51,
      "published": "2021-08-23",
      "status": {
        "name": "informational",
        "slug": "inf",
      },
      "stream": {
        "description": "Internet Engineering Task Force (IETF)",
        "name": "IETF",
        "slug": "IETF",
      },
      "subseries": [],
      "title": "FFV1 Video Coding Format Versions 0, 1, and 3",
      "updated_by": [],
      "updates": [],
    },
  ],
  "timestampIso": "2025-01-14T00:00:00.000Z",
}
`;
