// Vitest Snapshot v1, https://vitest.dev/guide/snapshot.html

exports[`feeds (rss, atom) 1`] = `
"<?xml version="1.0" encoding="utf-8"?>
<feed xmlns="http://www.w3.org/2005/Atom">
    <id>https://www.rfc-editor.org</id>
    <title>Recent RFCs</title>
    <updated>2025-06-17T00:00:00.000Z</updated>
    <generator>https://www.npmjs.com/package/feed</generator>
    <link rel="alternate" href="https://www.rfc-editor.org"/>
    <subtitle>Recently published RFCs</subtitle>
    <entry>
        <title type="html"><![CDATA[RFC 9036: Changing the Location-to-Service Translation (LoST) Location Profiles Registry Policy]]></title>
        <id>https://www.rfc-editor.org/info/rfc9036/</id>
        <link href="https://www.rfc-editor.org/info/rfc9036/"/>
        <updated>2021-06-03T00:00:00.000Z</updated>
        <summary type="html"><![CDATA[This document changes the policy of the "Location-to-Service Translation (LoST) Location Profiles" IANA registry established by RFC 5222 from Standards Action to Specification Required.  This allows standards development organizations (SDOs) other than the IETF to add new values.]]></summary>
    </entry>
    <entry>
        <title type="html"><![CDATA[RFC 9037: Deterministic Networking (DetNet) Data Plane: MPLS over IEEE 802.1 Time-Sensitive Networking (TSN)]]></title>
        <id>https://www.rfc-editor.org/info/rfc9037/</id>
        <link href="https://www.rfc-editor.org/info/rfc9037/"/>
        <updated>2021-06-02T00:00:00.000Z</updated>
        <summary type="html"><![CDATA[This document specifies the Deterministic Networking (DetNet) MPLS data plane when operating over an IEEE 802.1 Time-Sensitive Networking (TSN) sub-network.  This document does not define new procedures or processes.  Whenever this document makes statements or recommendations, they are taken from normative text in the referenced RFCs.]]></summary>
    </entry>
    <entry>
        <title type="html"><![CDATA[RFC 9038: Extensible Provisioning Protocol (EPP) Unhandled Namespaces]]></title>
        <id>https://www.rfc-editor.org/info/rfc9038/</id>
        <link href="https://www.rfc-editor.org/info/rfc9038/"/>
        <updated>2021-05-29T00:00:00.000Z</updated>
        <summary type="html"><![CDATA[The Extensible Provisioning Protocol (EPP), as defined in RFC 5730, includes a method for the client and server to determine the objects to be managed during a session and the object extensions to be used during a session.  The services are identified using namespace URIs, and an "unhandled namespace" is one that is associated with a service not supported by the client.  This document defines an operational practice that enables the server to return information associated with unhandled namespace URIs and that maintains compliance with the negotiated services defined in RFC 5730.]]></summary>
    </entry>
    <entry>
        <title type="html"><![CDATA[RFC 9039: Uniform Resource Names for Device Identifiers]]></title>
        <id>https://www.rfc-editor.org/info/rfc9039/</id>
        <link href="https://www.rfc-editor.org/info/rfc9039/"/>
        <updated>2021-06-30T00:00:00.000Z</updated>
        <summary type="html"><![CDATA[This document describes a new Uniform Resource Name (URN) namespace for hardware device identifiers.  A general representation of device identity can be useful in many applications, such as in sensor data streams and storage or in equipment inventories.  A URN-based representation can be passed along in applications that need the information.]]></summary>
    </entry>
    <entry>
        <title type="html"><![CDATA[RFC 9040: TCP Control Block Interdependence]]></title>
        <id>https://www.rfc-editor.org/info/rfc9040/</id>
        <link href="https://www.rfc-editor.org/info/rfc9040/"/>
        <updated>2021-07-27T00:00:00.000Z</updated>
        <summary type="html"><![CDATA[This memo provides guidance to TCP implementers that is intended to help improve connection convergence to steady-state operation without affecting interoperability.  It updates and replaces RFC 2140's description of sharing TCP state, as typically represented in TCP Control Blocks, among similar concurrent or consecutive connections.]]></summary>
    </entry>
    <entry>
        <title type="html"><![CDATA[RFC 9041: Updating the MPLS Label Switched Paths (LSPs) Ping Parameters IANA Registry]]></title>
        <id>https://www.rfc-editor.org/info/rfc9041/</id>
        <link href="https://www.rfc-editor.org/info/rfc9041/"/>
        <updated>2021-07-26T00:00:00.000Z</updated>
        <summary type="html"><![CDATA[This document updates RFCs 8029 and 8611, both of which define IANA registries for MPLS Label Switched Path (LSP) Ping. In particular, the registration procedure "Private Use" (previously known as "Vendor Private Use") has been changed to "First Come First Served" for the TLV and sub-TLV registries.

 It also updates the description of the procedures for the responses sent when an unknown or erroneous code point is found. The updates are to clarify and align this namespace with recent developments, e.g., aligning terminology with RFC 8126 instead of the now obsoleted RFC 5226 (both titled "Guidelines for Writing an IANA Considerations Section in RFCs").]]></summary>
    </entry>
    <entry>
        <title type="html"><![CDATA[RFC 9042: Sieve Email Filtering: Delivery by MAILBOXID]]></title>
        <id>https://www.rfc-editor.org/info/rfc9042/</id>
        <link href="https://www.rfc-editor.org/info/rfc9042/"/>
        <updated>2021-06-30T00:00:00.000Z</updated>
        <summary type="html"><![CDATA[The OBJECTID capability of IMAP (RFC 8474) allows clients to identify mailboxes by a unique identifier that survives renaming.

 This document extends the Sieve email filtering language (RFC 5228) to allow using that same unique identifier as a target for fileinto rules and for testing the existence of mailboxes.]]></summary>
    </entry>
    <entry>
        <title type="html"><![CDATA[RFC 9043: FFV1 Video Coding Format Versions 0, 1, and 3]]></title>
        <id>https://www.rfc-editor.org/info/rfc9043/</id>
        <link href="https://www.rfc-editor.org/info/rfc9043/"/>
        <updated>2021-08-23T00:00:00.000Z</updated>
        <summary type="html"><![CDATA[This document defines FFV1, a lossless, intra-frame video encoding format.  FFV1 is designed to efficiently compress video data in a variety of pixel formats.  Compared to uncompressed video, FFV1 offers storage compression, frame fixity, and self-description, which makes FFV1 useful as a preservation or intermediate video format.]]></summary>
    </entry>
    <entry>
        <title type="html"><![CDATA[RFC 9044: Using the AES-GMAC Algorithm with the Cryptographic Message Syntax (CMS)]]></title>
        <id>https://www.rfc-editor.org/info/rfc9044/</id>
        <link href="https://www.rfc-editor.org/info/rfc9044/"/>
        <updated>2021-06-08T00:00:00.000Z</updated>
        <summary type="html"><![CDATA[This document specifies the conventions for using the AES-GMAC Message Authentication Code algorithm with the Cryptographic Message Syntax (CMS) as specified in RFC 5652.]]></summary>
    </entry>
    <entry>
        <title type="html"><![CDATA[RFC 9045: Algorithm Requirements Update to the Internet X.509 Public Key Infrastructure Certificate Request Message Format (CRMF)]]></title>
        <id>https://www.rfc-editor.org/info/rfc9045/</id>
        <link href="https://www.rfc-editor.org/info/rfc9045/"/>
        <updated>2021-06-08T00:00:00.000Z</updated>
        <summary type="html"><![CDATA[This document updates the cryptographic algorithm requirements for the Password-Based Message Authentication Code in the Internet X.509 Public Key Infrastructure Certificate Request Message Format (CRMF) specified in RFC 4211.]]></summary>
    </entry>
    <entry>
        <title type="html"><![CDATA[RFC 9046: Babel Information Model]]></title>
        <id>https://www.rfc-editor.org/info/rfc9046/</id>
        <link href="https://www.rfc-editor.org/info/rfc9046/"/>
        <updated>2021-06-30T00:00:00.000Z</updated>
        <summary type="html"><![CDATA[The Babel information model provides structured data elements for a Babel implementation reporting its current state and may allow limited configuration of some such data elements.  This information model can be used as a basis for creating data models under various data modeling regimes.  This information model only includes parameters and parameter values useful for managing Babel over IPv6.]]></summary>
    </entry>
    <entry>
        <title type="html"><![CDATA[RFC 9047: Propagation of ARP/ND Flags in an Ethernet Virtual Private Network (EVPN)]]></title>
        <id>https://www.rfc-editor.org/info/rfc9047/</id>
        <link href="https://www.rfc-editor.org/info/rfc9047/"/>
        <updated>2021-06-22T00:00:00.000Z</updated>
        <summary type="html"><![CDATA[This document defines an Extended Community that is advertised along with an Ethernet Virtual Private Network (EVPN) Media Access Control (MAC) / IP Advertisement route and carries information relevant to the Address Resolution Protocol (ARP) / Neighbor Discovery (ND) resolution so that an EVPN Provider Edge (PE) implementing a proxy-ARP/ND function in broadcast domains (BDs) or an ARP/ND function on Integrated Routing and Bridging (IRB) interfaces can reply to ARP Requests or Neighbor Solicitation (NS) messages with the correct information.]]></summary>
    </entry>
    <entry>
        <title type="html"><![CDATA[RFC 9048: Improved Extensible Authentication Protocol Method for 3GPP Mobile Network Authentication and Key Agreement (EAP-AKA')]]></title>
        <id>https://www.rfc-editor.org/info/rfc9048/</id>
        <link href="https://www.rfc-editor.org/info/rfc9048/"/>
        <updated>2021-10-29T00:00:00.000Z</updated>
        <summary type="html"><![CDATA[The 3GPP mobile network Authentication and Key Agreement (AKA) is an authentication mechanism for devices wishing to access mobile networks. RFC 4187 (EAP-AKA) made the use of this mechanism possible within the Extensible Authentication Protocol (EAP) framework. RFC 5448 (EAP-AKA') was an improved version of EAP-AKA.

 This document is the most recent specification of EAP-AKA', including, for instance, details about and references related to operating EAP-AKA' in 5G networks.

 EAP-AKA' differs from EAP-AKA by providing a key derivation function that binds the keys derived within the method to the name of the access network. The key derivation function has been defined in the 3rd Generation Partnership Project (3GPP). EAP-AKA' allows its use in EAP in an interoperable manner. EAP-AKA' also updates the algorithm used in hash functions, as it employs SHA-256 / HMAC-SHA-256 instead of SHA-1 / HMAC-SHA-1, which is used in EAP-AKA.

 This version of the EAP-AKA' specification defines the protocol behavior for both 4G and 5G deployments, whereas the previous version defined protocol behavior for 4G deployments only. While EAP-AKA' as defined in RFC 5448 is not obsolete, this document defines the most recent and fully backwards-compatible specification of EAP-AKA'. This document updates both RFCs 4187 and 5448.]]></summary>
    </entry>
    <entry>
        <title type="html"><![CDATA[RFC 9049: Path Aware Networking: Obstacles to Deployment (A Bestiary of Roads Not Taken)]]></title>
        <id>https://www.rfc-editor.org/info/rfc9049/</id>
        <link href="https://www.rfc-editor.org/info/rfc9049/"/>
        <updated>2021-06-25T00:00:00.000Z</updated>
        <summary type="html"><![CDATA[This document is a product of the Path Aware Networking Research Group (PANRG). At the first meeting of the PANRG, the Research Group agreed to catalog and analyze past efforts to develop and deploy Path Aware techniques, most of which were unsuccessful or at most partially successful, in order to extract insights and lessons for Path Aware networking researchers.

 This document contains that catalog and analysis.]]></summary>
    </entry>
    <entry>
        <title type="html"><![CDATA[RFC 9804: Simple Public Key Infrastructure (SPKI) S-Expressions]]></title>
        <id>https://www.rfc-editor.org/info/rfc9804/</id>
        <link href="https://www.rfc-editor.org/info/rfc9804/"/>
        <updated>2025-06-17T00:00:00.000Z</updated>
        <summary type="html"><![CDATA[This memo specifies the data structure representation that was devised to support Simple Public Key Infrastructure (SPKI) certificates, as detailed in RFC 2692, with the intent that it be more widely applicable.  It has been and is being used elsewhere.  There are multiple implementations in a variety of programming languages.  Uses of this representation are referred to in this document as "S-expressions".  This memo makes precise the encodings of these SPKI S-expressions: It gives a "canonical form" for them, describes two "transport" representations, and also describes an "advanced" format for display to people.]]></summary>
    </entry>
</feed>"
`;

exports[`feeds (rss, atom) 2`] = `
"<?xml version="1.0" encoding="utf-8"?>
<rss version="2.0">
    <channel>
        <title>Recent RFCs</title>
        <link>https://www.rfc-editor.org</link>
        <description>Recently published RFCs</description>
        <lastBuildDate>Tue, 17 Jun 2025 00:00:00 GMT</lastBuildDate>
        <docs>https://validator.w3.org/feed/docs/rss2.html</docs>
        <generator>https://www.npmjs.com/package/feed</generator>
        <language>en-us</language>
        <item>
            <title><![CDATA[RFC 9036: Changing the Location-to-Service Translation (LoST) Location Profiles Registry Policy]]></title>
            <link>https://www.rfc-editor.org/info/rfc9036/</link>
            <guid isPermaLink="true">https://www.rfc-editor.org/info/rfc9036/</guid>
            <pubDate>Thu, 03 Jun 2021 00:00:00 GMT</pubDate>
            <description><![CDATA[This document changes the policy of the "Location-to-Service Translation (LoST) Location Profiles" IANA registry established by RFC 5222 from Standards Action to Specification Required.  This allows standards development organizations (SDOs) other than the IETF to add new values.]]></description>
        </item>
        <item>
            <title><![CDATA[RFC 9037: Deterministic Networking (DetNet) Data Plane: MPLS over IEEE 802.1 Time-Sensitive Networking (TSN)]]></title>
            <link>https://www.rfc-editor.org/info/rfc9037/</link>
            <guid isPermaLink="true">https://www.rfc-editor.org/info/rfc9037/</guid>
            <pubDate>Wed, 02 Jun 2021 00:00:00 GMT</pubDate>
            <description><![CDATA[This document specifies the Deterministic Networking (DetNet) MPLS data plane when operating over an IEEE 802.1 Time-Sensitive Networking (TSN) sub-network.  This document does not define new procedures or processes.  Whenever this document makes statements or recommendations, they are taken from normative text in the referenced RFCs.]]></description>
        </item>
        <item>
            <title><![CDATA[RFC 9038: Extensible Provisioning Protocol (EPP) Unhandled Namespaces]]></title>
            <link>https://www.rfc-editor.org/info/rfc9038/</link>
            <guid isPermaLink="true">https://www.rfc-editor.org/info/rfc9038/</guid>
            <pubDate>Sat, 29 May 2021 00:00:00 GMT</pubDate>
            <description><![CDATA[The Extensible Provisioning Protocol (EPP), as defined in RFC 5730, includes a method for the client and server to determine the objects to be managed during a session and the object extensions to be used during a session.  The services are identified using namespace URIs, and an "unhandled namespace" is one that is associated with a service not supported by the client.  This document defines an operational practice that enables the server to return information associated with unhandled namespace URIs and that maintains compliance with the negotiated services defined in RFC 5730.]]></description>
        </item>
        <item>
            <title><![CDATA[RFC 9039: Uniform Resource Names for Device Identifiers]]></title>
            <link>https://www.rfc-editor.org/info/rfc9039/</link>
            <guid isPermaLink="true">https://www.rfc-editor.org/info/rfc9039/</guid>
            <pubDate>Wed, 30 Jun 2021 00:00:00 GMT</pubDate>
            <description><![CDATA[This document describes a new Uniform Resource Name (URN) namespace for hardware device identifiers.  A general representation of device identity can be useful in many applications, such as in sensor data streams and storage or in equipment inventories.  A URN-based representation can be passed along in applications that need the information.]]></description>
        </item>
        <item>
            <title><![CDATA[RFC 9040: TCP Control Block Interdependence]]></title>
            <link>https://www.rfc-editor.org/info/rfc9040/</link>
            <guid isPermaLink="true">https://www.rfc-editor.org/info/rfc9040/</guid>
            <pubDate>Tue, 27 Jul 2021 00:00:00 GMT</pubDate>
            <description><![CDATA[This memo provides guidance to TCP implementers that is intended to help improve connection convergence to steady-state operation without affecting interoperability.  It updates and replaces RFC 2140's description of sharing TCP state, as typically represented in TCP Control Blocks, among similar concurrent or consecutive connections.]]></description>
        </item>
        <item>
            <title><![CDATA[RFC 9041: Updating the MPLS Label Switched Paths (LSPs) Ping Parameters IANA Registry]]></title>
            <link>https://www.rfc-editor.org/info/rfc9041/</link>
            <guid isPermaLink="true">https://www.rfc-editor.org/info/rfc9041/</guid>
            <pubDate>Mon, 26 Jul 2021 00:00:00 GMT</pubDate>
            <description><![CDATA[This document updates RFCs 8029 and 8611, both of which define IANA registries for MPLS Label Switched Path (LSP) Ping. In particular, the registration procedure "Private Use" (previously known as "Vendor Private Use") has been changed to "First Come First Served" for the TLV and sub-TLV registries.

 It also updates the description of the procedures for the responses sent when an unknown or erroneous code point is found. The updates are to clarify and align this namespace with recent developments, e.g., aligning terminology with RFC 8126 instead of the now obsoleted RFC 5226 (both titled "Guidelines for Writing an IANA Considerations Section in RFCs").]]></description>
        </item>
        <item>
            <title><![CDATA[RFC 9042: Sieve Email Filtering: Delivery by MAILBOXID]]></title>
            <link>https://www.rfc-editor.org/info/rfc9042/</link>
            <guid isPermaLink="true">https://www.rfc-editor.org/info/rfc9042/</guid>
            <pubDate>Wed, 30 Jun 2021 00:00:00 GMT</pubDate>
            <description><![CDATA[The OBJECTID capability of IMAP (RFC 8474) allows clients to identify mailboxes by a unique identifier that survives renaming.

 This document extends the Sieve email filtering language (RFC 5228) to allow using that same unique identifier as a target for fileinto rules and for testing the existence of mailboxes.]]></description>
        </item>
        <item>
            <title><![CDATA[RFC 9043: FFV1 Video Coding Format Versions 0, 1, and 3]]></title>
            <link>https://www.rfc-editor.org/info/rfc9043/</link>
            <guid isPermaLink="true">https://www.rfc-editor.org/info/rfc9043/</guid>
            <pubDate>Mon, 23 Aug 2021 00:00:00 GMT</pubDate>
            <description><![CDATA[This document defines FFV1, a lossless, intra-frame video encoding format.  FFV1 is designed to efficiently compress video data in a variety of pixel formats.  Compared to uncompressed video, FFV1 offers storage compression, frame fixity, and self-description, which makes FFV1 useful as a preservation or intermediate video format.]]></description>
        </item>
        <item>
            <title><![CDATA[RFC 9044: Using the AES-GMAC Algorithm with the Cryptographic Message Syntax (CMS)]]></title>
            <link>https://www.rfc-editor.org/info/rfc9044/</link>
            <guid isPermaLink="true">https://www.rfc-editor.org/info/rfc9044/</guid>
            <pubDate>Tue, 08 Jun 2021 00:00:00 GMT</pubDate>
            <description><![CDATA[This document specifies the conventions for using the AES-GMAC Message Authentication Code algorithm with the Cryptographic Message Syntax (CMS) as specified in RFC 5652.]]></description>
        </item>
        <item>
            <title><![CDATA[RFC 9045: Algorithm Requirements Update to the Internet X.509 Public Key Infrastructure Certificate Request Message Format (CRMF)]]></title>
            <link>https://www.rfc-editor.org/info/rfc9045/</link>
            <guid isPermaLink="true">https://www.rfc-editor.org/info/rfc9045/</guid>
            <pubDate>Tue, 08 Jun 2021 00:00:00 GMT</pubDate>
            <description><![CDATA[This document updates the cryptographic algorithm requirements for the Password-Based Message Authentication Code in the Internet X.509 Public Key Infrastructure Certificate Request Message Format (CRMF) specified in RFC 4211.]]></description>
        </item>
        <item>
            <title><![CDATA[RFC 9046: Babel Information Model]]></title>
            <link>https://www.rfc-editor.org/info/rfc9046/</link>
            <guid isPermaLink="true">https://www.rfc-editor.org/info/rfc9046/</guid>
            <pubDate>Wed, 30 Jun 2021 00:00:00 GMT</pubDate>
            <description><![CDATA[The Babel information model provides structured data elements for a Babel implementation reporting its current state and may allow limited configuration of some such data elements.  This information model can be used as a basis for creating data models under various data modeling regimes.  This information model only includes parameters and parameter values useful for managing Babel over IPv6.]]></description>
        </item>
        <item>
            <title><![CDATA[RFC 9047: Propagation of ARP/ND Flags in an Ethernet Virtual Private Network (EVPN)]]></title>
            <link>https://www.rfc-editor.org/info/rfc9047/</link>
            <guid isPermaLink="true">https://www.rfc-editor.org/info/rfc9047/</guid>
            <pubDate>Tue, 22 Jun 2021 00:00:00 GMT</pubDate>
            <description><![CDATA[This document defines an Extended Community that is advertised along with an Ethernet Virtual Private Network (EVPN) Media Access Control (MAC) / IP Advertisement route and carries information relevant to the Address Resolution Protocol (ARP) / Neighbor Discovery (ND) resolution so that an EVPN Provider Edge (PE) implementing a proxy-ARP/ND function in broadcast domains (BDs) or an ARP/ND function on Integrated Routing and Bridging (IRB) interfaces can reply to ARP Requests or Neighbor Solicitation (NS) messages with the correct information.]]></description>
        </item>
        <item>
            <title><![CDATA[RFC 9048: Improved Extensible Authentication Protocol Method for 3GPP Mobile Network Authentication and Key Agreement (EAP-AKA')]]></title>
            <link>https://www.rfc-editor.org/info/rfc9048/</link>
            <guid isPermaLink="true">https://www.rfc-editor.org/info/rfc9048/</guid>
            <pubDate>Fri, 29 Oct 2021 00:00:00 GMT</pubDate>
            <description><![CDATA[The 3GPP mobile network Authentication and Key Agreement (AKA) is an authentication mechanism for devices wishing to access mobile networks. RFC 4187 (EAP-AKA) made the use of this mechanism possible within the Extensible Authentication Protocol (EAP) framework. RFC 5448 (EAP-AKA') was an improved version of EAP-AKA.

 This document is the most recent specification of EAP-AKA', including, for instance, details about and references related to operating EAP-AKA' in 5G networks.

 EAP-AKA' differs from EAP-AKA by providing a key derivation function that binds the keys derived within the method to the name of the access network. The key derivation function has been defined in the 3rd Generation Partnership Project (3GPP). EAP-AKA' allows its use in EAP in an interoperable manner. EAP-AKA' also updates the algorithm used in hash functions, as it employs SHA-256 / HMAC-SHA-256 instead of SHA-1 / HMAC-SHA-1, which is used in EAP-AKA.

 This version of the EAP-AKA' specification defines the protocol behavior for both 4G and 5G deployments, whereas the previous version defined protocol behavior for 4G deployments only. While EAP-AKA' as defined in RFC 5448 is not obsolete, this document defines the most recent and fully backwards-compatible specification of EAP-AKA'. This document updates both RFCs 4187 and 5448.]]></description>
        </item>
        <item>
            <title><![CDATA[RFC 9049: Path Aware Networking: Obstacles to Deployment (A Bestiary of Roads Not Taken)]]></title>
            <link>https://www.rfc-editor.org/info/rfc9049/</link>
            <guid isPermaLink="true">https://www.rfc-editor.org/info/rfc9049/</guid>
            <pubDate>Fri, 25 Jun 2021 00:00:00 GMT</pubDate>
            <description><![CDATA[This document is a product of the Path Aware Networking Research Group (PANRG). At the first meeting of the PANRG, the Research Group agreed to catalog and analyze past efforts to develop and deploy Path Aware techniques, most of which were unsuccessful or at most partially successful, in order to extract insights and lessons for Path Aware networking researchers.

 This document contains that catalog and analysis.]]></description>
        </item>
        <item>
            <title><![CDATA[RFC 9804: Simple Public Key Infrastructure (SPKI) S-Expressions]]></title>
            <link>https://www.rfc-editor.org/info/rfc9804/</link>
            <guid isPermaLink="true">https://www.rfc-editor.org/info/rfc9804/</guid>
            <pubDate>Tue, 17 Jun 2025 00:00:00 GMT</pubDate>
            <description><![CDATA[This memo specifies the data structure representation that was devised to support Simple Public Key Infrastructure (SPKI) certificates, as detailed in RFC 2692, with the intent that it be more widely applicable.  It has been and is being used elsewhere.  There are multiple implementations in a variety of programming languages.  Uses of this representation are referred to in this document as "S-expressions".  This memo makes precise the encodings of these SPKI S-expressions: It gives a "canonical form" for them, describes two "transport" representations, and also describes an "advanced" format for display to people.]]></description>
        </item>
    </channel>
</rss>"
`;
